{"type":"inserted","id":"0d5876f2-d18f-499e-853b-b4a238108a38","title":"Worldbox_v0.51.2","drive":"E","folder":"Worldbox_v0.51.2"}
{"type":"removed","id":"0d5876f2-d18f-499e-853b-b4a238108a38","title":"Worldbox_v0.51.2","drive":"E","folder":"Worldbox_v0.51.2"}
{"type":"inserted","id":"0d5876f2-d18f-499e-853b-b4a238108a38","title":"Worldbox_v0.51.2","drive":"E","folder":"Worldbox_v0.51.2"}
{"type":"removed","id":"0d5876f2-d18f-499e-853b-b4a238108a38","title":"Worldbox_v0.51.2","drive":"E","folder":"Worldbox_v0.51.2"}
{"type":"inserted","id":"0d5876f2-d18f-499e-853b-b4a238108a38","title":"Worldbox_v0.51.2","drive":"E","folder":"Worldbox_v0.51.2"}
{"type":"removed","id":"0d5876f2-d18f-499e-853b-b4a238108a38","title":"Worldbox_v0.51.2","drive":"E","folder":"Worldbox_v0.51.2"}
{"type":"inserted","id":"0d5876f2-d18f-499e-853b-b4a238108a38","title":"Worldbox_v0.51.2","drive":"E","folder":"Worldbox_v0.51.2"}
